CREATE EXTENSION hello_ext;
SELECT hello_world();
  hello_world  
---------------
 Hello, World!
(1 row)

SELECT hello_text_arg('World');
 hello_text_arg 
----------------
 Hello, World!
(1 row)

SELECT hello_ereport();
ERROR:  null value not allowed
