CREATE EXTENSION hello_ext;
SELECT hello_world();
  hello_world  
---------------
 Hello, world!
(1 row)

SELECT greet('World');
     greet     
---------------
 Hello, World!
(1 row)

